<html>
<body>
<pre>
<h1>µVision Build Log</h1>
<h2>Project:</h2>
E:\GIT\src\01_LED_Sequential_Blink\code\Project.uvproj
Project File Date:  09/21/2026

<h2>Output:</h2>
Build target 'Target 1'
linking...
Program Size: Code=604 RO-data=16 RW-data=0 ZI-data=1256  
FromELF: creating hex file...
".\Project.axf" - 0 Error(s), 0 Warning(s).
</pre>
</body>
</html>
out a newline
  }
main.c: 2 warnings, 0 errors
linking...
Program Size: Code=604 RO-data=16 RW-data=0 ZI-data=1256  
".\Project.axf" - 0 Error(s), 2 Warning(s).
compiling main.c...
main.c(45): warning:  #111-D: statement is unreachable
      return 0;
main.c(46): warning:  #1-D: last line of file ends without a newline
  }
main.c: 2 warnings, 0 errors
"main.c" - 0 Error(s), 2 Warning(s).
